// Jest Snapshot v1, https://goo.gl/fbAQLP

exports[`Button matches snapshot 1`] = `
<button
  class="w-full cursor-pointer font-medium rounded-lg !transition-all shadow-md hover:shadow-lg disabled:shadow-none disabled:cursor-not-allowed bg-gray-600 hover:bg-gray-700 text-white px-3 py-1.5 text-sm    undefined"
>
  Snapshot Test
</button>
`;
